MdSymbolA5 MdSymbol5 "MdSymbolA ReEncodeFont" <[MdSymbolA.enc <MdSymbol5.pfb
MdSymbolB5 MdSymbol5 "MdSymbolB ReEncodeFont" <[MdSymbolB.enc <MdSymbol5.pfb
MdSymbolC5 MdSymbol5 "MdSymbolC ReEncodeFont" <[MdSymbolC.enc <MdSymbol5.pfb
MdSymbolD5 MdSymbol5 "MdSymbolD ReEncodeFont" <[MdSymbolD.enc <MdSymbol5.pfb
MdSymbolE5 MdSymbol5 "MdSymbolE ReEncodeFont" <[MdSymbolE.enc <MdSymbol5.pfb
MdSymbolF5 MdSymbol5 "MdSymbolF ReEncodeFont" <[MdSymbolF.enc <MdSymbol5.pfb
MdSymbolS5 MdSymbol5 "MdSymbolS ReEncodeFont" <[MdSymbolS.enc <MdSymbol5.pfb

MdSymbolA6 MdSymbol6 "MdSymbolA ReEncodeFont" <[MdSymbolA.enc <MdSymbol6.pfb
MdSymbolB6 MdSymbol6 "MdSymbolB ReEncodeFont" <[MdSymbolB.enc <MdSymbol6.pfb
MdSymbolC6 MdSymbol6 "MdSymbolC ReEncodeFont" <[MdSymbolC.enc <MdSymbol6.pfb
MdSymbolD6 MdSymbol6 "MdSymbolD ReEncodeFont" <[MdSymbolD.enc <MdSymbol6.pfb
MdSymbolE6 MdSymbol6 "MdSymbolE ReEncodeFont" <[MdSymbolE.enc <MdSymbol6.pfb
MdSymbolF6 MdSymbol6 "MdSymbolF ReEncodeFont" <[MdSymbolF.enc <MdSymbol6.pfb
MdSymbolS6 MdSymbol6 "MdSymbolS ReEncodeFont" <[MdSymbolS.enc <MdSymbol6.pfb

MdSymbolA7 MdSymbol7 "MdSymbolA ReEncodeFont" <[MdSymbolA.enc <MdSymbol7.pfb
MdSymbolB7 MdSymbol7 "MdSymbolB ReEncodeFont" <[MdSymbolB.enc <MdSymbol7.pfb
MdSymbolC7 MdSymbol7 "MdSymbolC ReEncodeFont" <[MdSymbolC.enc <MdSymbol7.pfb
MdSymbolD7 MdSymbol7 "MdSymbolD ReEncodeFont" <[MdSymbolD.enc <MdSymbol7.pfb
MdSymbolE7 MdSymbol7 "MdSymbolE ReEncodeFont" <[MdSymbolE.enc <MdSymbol7.pfb
MdSymbolF7 MdSymbol7 "MdSymbolF ReEncodeFont" <[MdSymbolF.enc <MdSymbol7.pfb
MdSymbolS7 MdSymbol7 "MdSymbolS ReEncodeFont" <[MdSymbolS.enc <MdSymbol7.pfb

MdSymbolA8 MdSymbol8 "MdSymbolA ReEncodeFont" <[MdSymbolA.enc <MdSymbol8.pfb
MdSymbolB8 MdSymbol8 "MdSymbolB ReEncodeFont" <[MdSymbolB.enc <MdSymbol8.pfb
MdSymbolC8 MdSymbol8 "MdSymbolC ReEncodeFont" <[MdSymbolC.enc <MdSymbol8.pfb
MdSymbolD8 MdSymbol8 "MdSymbolD ReEncodeFont" <[MdSymbolD.enc <MdSymbol8.pfb
MdSymbolE8 MdSymbol8 "MdSymbolE ReEncodeFont" <[MdSymbolE.enc <MdSymbol8.pfb
MdSymbolF8 MdSymbol8 "MdSymbolF ReEncodeFont" <[MdSymbolF.enc <MdSymbol8.pfb
MdSymbolS8 MdSymbol8 "MdSymbolS ReEncodeFont" <[MdSymbolS.enc <MdSymbol8.pfb

MdSymbolA9 MdSymbol9 "MdSymbolA ReEncodeFont" <[MdSymbolA.enc <MdSymbol9.pfb
MdSymbolB9 MdSymbol9 "MdSymbolB ReEncodeFont" <[MdSymbolB.enc <MdSymbol9.pfb
MdSymbolC9 MdSymbol9 "MdSymbolC ReEncodeFont" <[MdSymbolC.enc <MdSymbol9.pfb
MdSymbolD9 MdSymbol9 "MdSymbolD ReEncodeFont" <[MdSymbolD.enc <MdSymbol9.pfb
MdSymbolE9 MdSymbol9 "MdSymbolE ReEncodeFont" <[MdSymbolE.enc <MdSymbol9.pfb
MdSymbolF9 MdSymbol9 "MdSymbolF ReEncodeFont" <[MdSymbolF.enc <MdSymbol9.pfb
MdSymbolS9 MdSymbol9 "MdSymbolS ReEncodeFont" <[MdSymbolS.enc <MdSymbol9.pfb

MdSymbolA10 MdSymbol10 "MdSymbolA ReEncodeFont" <[MdSymbolA.enc <MdSymbol10.pfb
MdSymbolB10 MdSymbol10 "MdSymbolB ReEncodeFont" <[MdSymbolB.enc <MdSymbol10.pfb
MdSymbolC10 MdSymbol10 "MdSymbolC ReEncodeFont" <[MdSymbolC.enc <MdSymbol10.pfb
MdSymbolD10 MdSymbol10 "MdSymbolD ReEncodeFont" <[MdSymbolD.enc <MdSymbol10.pfb
MdSymbolE10 MdSymbol10 "MdSymbolE ReEncodeFont" <[MdSymbolE.enc <MdSymbol10.pfb
MdSymbolF10 MdSymbol10 "MdSymbolF ReEncodeFont" <[MdSymbolF.enc <MdSymbol10.pfb
MdSymbolS10 MdSymbol10 "MdSymbolS ReEncodeFont" <[MdSymbolS.enc <MdSymbol10.pfb

MdSymbolA12 MdSymbol12 "MdSymbolA ReEncodeFont" <[MdSymbolA.enc <MdSymbol12.pfb
MdSymbolB12 MdSymbol12 "MdSymbolB ReEncodeFont" <[MdSymbolB.enc <MdSymbol12.pfb
MdSymbolC12 MdSymbol12 "MdSymbolC ReEncodeFont" <[MdSymbolC.enc <MdSymbol12.pfb
MdSymbolD12 MdSymbol12 "MdSymbolD ReEncodeFont" <[MdSymbolD.enc <MdSymbol12.pfb
MdSymbolE12 MdSymbol12 "MdSymbolE ReEncodeFont" <[MdSymbolE.enc <MdSymbol12.pfb
MdSymbolF12 MdSymbol12 "MdSymbolF ReEncodeFont" <[MdSymbolF.enc <MdSymbol12.pfb
MdSymbolS12 MdSymbol12 "MdSymbolS ReEncodeFont" <[MdSymbolS.enc <MdSymbol12.pfb

MdSymbolA-Bold5 MdSymbol-Bold5 "MdSymbolA ReEncodeFont" <[MdSymbolA.enc <MdSymbol-Bold5.pfb
MdSymbolB-Bold5 MdSymbol-Bold5 "MdSymbolB ReEncodeFont" <[MdSymbolB.enc <MdSymbol-Bold5.pfb
MdSymbolC-Bold5 MdSymbol-Bold5 "MdSymbolC ReEncodeFont" <[MdSymbolC.enc <MdSymbol-Bold5.pfb
MdSymbolD-Bold5 MdSymbol-Bold5 "MdSymbolD ReEncodeFont" <[MdSymbolD.enc <MdSymbol-Bold5.pfb
MdSymbolE-Bold5 MdSymbol-Bold5 "MdSymbolE ReEncodeFont" <[MdSymbolE.enc <MdSymbol-Bold5.pfb
MdSymbolF-Bold5 MdSymbol-Bold5 "MdSymbolF ReEncodeFont" <[MdSymbolF.enc <MdSymbol-Bold5.pfb
MdSymbolS-Bold5 MdSymbol-Bold5 "MdSymbolS ReEncodeFont" <[MdSymbolS.enc <MdSymbol-Bold5.pfb

MdSymbolA-Bold6 MdSymbol-Bold6 "MdSymbolA ReEncodeFont" <[MdSymbolA.enc <MdSymbol-Bold6.pfb
MdSymbolB-Bold6 MdSymbol-Bold6 "MdSymbolB ReEncodeFont" <[MdSymbolB.enc <MdSymbol-Bold6.pfb
MdSymbolC-Bold6 MdSymbol-Bold6 "MdSymbolC ReEncodeFont" <[MdSymbolC.enc <MdSymbol-Bold6.pfb
MdSymbolD-Bold6 MdSymbol-Bold6 "MdSymbolD ReEncodeFont" <[MdSymbolD.enc <MdSymbol-Bold6.pfb
MdSymbolE-Bold6 MdSymbol-Bold6 "MdSymbolE ReEncodeFont" <[MdSymbolE.enc <MdSymbol-Bold6.pfb
MdSymbolF-Bold6 MdSymbol-Bold6 "MdSymbolF ReEncodeFont" <[MdSymbolF.enc <MdSymbol-Bold6.pfb
MdSymbolS-Bold6 MdSymbol-Bold6 "MdSymbolS ReEncodeFont" <[MdSymbolS.enc <MdSymbol-Bold6.pfb

MdSymbolA-Bold7 MdSymbol-Bold7 "MdSymbolA ReEncodeFont" <[MdSymbolA.enc <MdSymbol-Bold7.pfb
MdSymbolB-Bold7 MdSymbol-Bold7 "MdSymbolB ReEncodeFont" <[MdSymbolB.enc <MdSymbol-Bold7.pfb
MdSymbolC-Bold7 MdSymbol-Bold7 "MdSymbolC ReEncodeFont" <[MdSymbolC.enc <MdSymbol-Bold7.pfb
MdSymbolD-Bold7 MdSymbol-Bold7 "MdSymbolD ReEncodeFont" <[MdSymbolD.enc <MdSymbol-Bold7.pfb
MdSymbolE-Bold7 MdSymbol-Bold7 "MdSymbolE ReEncodeFont" <[MdSymbolE.enc <MdSymbol-Bold7.pfb
MdSymbolF-Bold7 MdSymbol-Bold7 "MdSymbolF ReEncodeFont" <[MdSymbolF.enc <MdSymbol-Bold7.pfb
MdSymbolS-Bold7 MdSymbol-Bold7 "MdSymbolS ReEncodeFont" <[MdSymbolS.enc <MdSymbol-Bold7.pfb

MdSymbolA-Bold8 MdSymbol-Bold8 "MdSymbolA ReEncodeFont" <[MdSymbolA.enc <MdSymbol-Bold8.pfb
MdSymbolB-Bold8 MdSymbol-Bold8 "MdSymbolB ReEncodeFont" <[MdSymbolB.enc <MdSymbol-Bold8.pfb
MdSymbolC-Bold8 MdSymbol-Bold8 "MdSymbolC ReEncodeFont" <[MdSymbolC.enc <MdSymbol-Bold8.pfb
MdSymbolD-Bold8 MdSymbol-Bold8 "MdSymbolD ReEncodeFont" <[MdSymbolD.enc <MdSymbol-Bold8.pfb
MdSymbolE-Bold8 MdSymbol-Bold8 "MdSymbolE ReEncodeFont" <[MdSymbolE.enc <MdSymbol-Bold8.pfb
MdSymbolF-Bold8 MdSymbol-Bold8 "MdSymbolF ReEncodeFont" <[MdSymbolF.enc <MdSymbol-Bold8.pfb
MdSymbolS-Bold8 MdSymbol-Bold8 "MdSymbolS ReEncodeFont" <[MdSymbolS.enc <MdSymbol-Bold8.pfb

MdSymbolA-Bold9 MdSymbol-Bold9 "MdSymbolA ReEncodeFont" <[MdSymbolA.enc <MdSymbol-Bold9.pfb
MdSymbolB-Bold9 MdSymbol-Bold9 "MdSymbolB ReEncodeFont" <[MdSymbolB.enc <MdSymbol-Bold9.pfb
MdSymbolC-Bold9 MdSymbol-Bold9 "MdSymbolC ReEncodeFont" <[MdSymbolC.enc <MdSymbol-Bold9.pfb
MdSymbolD-Bold9 MdSymbol-Bold9 "MdSymbolD ReEncodeFont" <[MdSymbolD.enc <MdSymbol-Bold9.pfb
MdSymbolE-Bold9 MdSymbol-Bold9 "MdSymbolE ReEncodeFont" <[MdSymbolE.enc <MdSymbol-Bold9.pfb
MdSymbolF-Bold9 MdSymbol-Bold9 "MdSymbolF ReEncodeFont" <[MdSymbolF.enc <MdSymbol-Bold9.pfb
MdSymbolS-Bold9 MdSymbol-Bold9 "MdSymbolS ReEncodeFont" <[MdSymbolS.enc <MdSymbol-Bold9.pfb

MdSymbolA-Bold10 MdSymbol-Bold10 "MdSymbolA ReEncodeFont" <[MdSymbolA.enc <MdSymbol-Bold10.pfb
MdSymbolB-Bold10 MdSymbol-Bold10 "MdSymbolB ReEncodeFont" <[MdSymbolB.enc <MdSymbol-Bold10.pfb
MdSymbolC-Bold10 MdSymbol-Bold10 "MdSymbolC ReEncodeFont" <[MdSymbolC.enc <MdSymbol-Bold10.pfb
MdSymbolD-Bold10 MdSymbol-Bold10 "MdSymbolD ReEncodeFont" <[MdSymbolD.enc <MdSymbol-Bold10.pfb
MdSymbolE-Bold10 MdSymbol-Bold10 "MdSymbolE ReEncodeFont" <[MdSymbolE.enc <MdSymbol-Bold10.pfb
MdSymbolF-Bold10 MdSymbol-Bold10 "MdSymbolF ReEncodeFont" <[MdSymbolF.enc <MdSymbol-Bold10.pfb
MdSymbolS-Bold10 MdSymbol-Bold10 "MdSymbolS ReEncodeFont" <[MdSymbolS.enc <MdSymbol-Bold10.pfb

MdSymbolA-Bold12 MdSymbol-Bold12 "MdSymbolA ReEncodeFont" <[MdSymbolA.enc <MdSymbol-Bold12.pfb
MdSymbolB-Bold12 MdSymbol-Bold12 "MdSymbolB ReEncodeFont" <[MdSymbolB.enc <MdSymbol-Bold12.pfb
MdSymbolC-Bold12 MdSymbol-Bold12 "MdSymbolC ReEncodeFont" <[MdSymbolC.enc <MdSymbol-Bold12.pfb
MdSymbolD-Bold12 MdSymbol-Bold12 "MdSymbolD ReEncodeFont" <[MdSymbolD.enc <MdSymbol-Bold12.pfb
MdSymbolE-Bold12 MdSymbol-Bold12 "MdSymbolE ReEncodeFont" <[MdSymbolE.enc <MdSymbol-Bold12.pfb
MdSymbolF-Bold12 MdSymbol-Bold12 "MdSymbolF ReEncodeFont" <[MdSymbolF.enc <MdSymbol-Bold12.pfb
MdSymbolS-Bold12 MdSymbol-Bold12 "MdSymbolS ReEncodeFont" <[MdSymbolS.enc <MdSymbol-Bold12.pfb
