MySymbolA5 MySymbol5 "MySymbolA ReEncodeFont" <[MySymbolA.enc <MySymbol5.pfb
MySymbolB5 MySymbol5 "MySymbolB ReEncodeFont" <[MySymbolB.enc <MySymbol5.pfb
MySymbolC5 MySymbol5 "MySymbolC ReEncodeFont" <[MySymbolC.enc <MySymbol5.pfb
MySymbolD5 MySymbol5 "MySymbolD ReEncodeFont" <[MySymbolD.enc <MySymbol5.pfb
MySymbolE5 MySymbol5 "MySymbolE ReEncodeFont" <[MySymbolE.enc <MySymbol5.pfb
MySymbolF5 MySymbol5 "MySymbolF ReEncodeFont" <[MySymbolF.enc <MySymbol5.pfb
MySymbolS5 MySymbol5 "MySymbolS ReEncodeFont" <[MySymbolS.enc <MySymbol5.pfb

MySymbolA6 MySymbol6 "MySymbolA ReEncodeFont" <[MySymbolA.enc <MySymbol6.pfb
MySymbolB6 MySymbol6 "MySymbolB ReEncodeFont" <[MySymbolB.enc <MySymbol6.pfb
MySymbolC6 MySymbol6 "MySymbolC ReEncodeFont" <[MySymbolC.enc <MySymbol6.pfb
MySymbolD6 MySymbol6 "MySymbolD ReEncodeFont" <[MySymbolD.enc <MySymbol6.pfb
MySymbolE6 MySymbol6 "MySymbolE ReEncodeFont" <[MySymbolE.enc <MySymbol6.pfb
MySymbolF6 MySymbol6 "MySymbolF ReEncodeFont" <[MySymbolF.enc <MySymbol6.pfb
MySymbolS6 MySymbol6 "MySymbolS ReEncodeFont" <[MySymbolS.enc <MySymbol6.pfb

MySymbolA7 MySymbol7 "MySymbolA ReEncodeFont" <[MySymbolA.enc <MySymbol7.pfb
MySymbolB7 MySymbol7 "MySymbolB ReEncodeFont" <[MySymbolB.enc <MySymbol7.pfb
MySymbolC7 MySymbol7 "MySymbolC ReEncodeFont" <[MySymbolC.enc <MySymbol7.pfb
MySymbolD7 MySymbol7 "MySymbolD ReEncodeFont" <[MySymbolD.enc <MySymbol7.pfb
MySymbolE7 MySymbol7 "MySymbolE ReEncodeFont" <[MySymbolE.enc <MySymbol7.pfb
MySymbolF7 MySymbol7 "MySymbolF ReEncodeFont" <[MySymbolF.enc <MySymbol7.pfb
MySymbolS7 MySymbol7 "MySymbolS ReEncodeFont" <[MySymbolS.enc <MySymbol7.pfb

MySymbolA8 MySymbol8 "MySymbolA ReEncodeFont" <[MySymbolA.enc <MySymbol8.pfb
MySymbolB8 MySymbol8 "MySymbolB ReEncodeFont" <[MySymbolB.enc <MySymbol8.pfb
MySymbolC8 MySymbol8 "MySymbolC ReEncodeFont" <[MySymbolC.enc <MySymbol8.pfb
MySymbolD8 MySymbol8 "MySymbolD ReEncodeFont" <[MySymbolD.enc <MySymbol8.pfb
MySymbolE8 MySymbol8 "MySymbolE ReEncodeFont" <[MySymbolE.enc <MySymbol8.pfb
MySymbolF8 MySymbol8 "MySymbolF ReEncodeFont" <[MySymbolF.enc <MySymbol8.pfb
MySymbolS8 MySymbol8 "MySymbolS ReEncodeFont" <[MySymbolS.enc <MySymbol8.pfb

MySymbolA9 MySymbol9 "MySymbolA ReEncodeFont" <[MySymbolA.enc <MySymbol9.pfb
MySymbolB9 MySymbol9 "MySymbolB ReEncodeFont" <[MySymbolB.enc <MySymbol9.pfb
MySymbolC9 MySymbol9 "MySymbolC ReEncodeFont" <[MySymbolC.enc <MySymbol9.pfb
MySymbolD9 MySymbol9 "MySymbolD ReEncodeFont" <[MySymbolD.enc <MySymbol9.pfb
MySymbolE9 MySymbol9 "MySymbolE ReEncodeFont" <[MySymbolE.enc <MySymbol9.pfb
MySymbolF9 MySymbol9 "MySymbolF ReEncodeFont" <[MySymbolF.enc <MySymbol9.pfb
MySymbolS9 MySymbol9 "MySymbolS ReEncodeFont" <[MySymbolS.enc <MySymbol9.pfb

MySymbolA10 MySymbol10 "MySymbolA ReEncodeFont" <[MySymbolA.enc <MySymbol10.pfb
MySymbolB10 MySymbol10 "MySymbolB ReEncodeFont" <[MySymbolB.enc <MySymbol10.pfb
MySymbolC10 MySymbol10 "MySymbolC ReEncodeFont" <[MySymbolC.enc <MySymbol10.pfb
MySymbolD10 MySymbol10 "MySymbolD ReEncodeFont" <[MySymbolD.enc <MySymbol10.pfb
MySymbolE10 MySymbol10 "MySymbolE ReEncodeFont" <[MySymbolE.enc <MySymbol10.pfb
MySymbolF10 MySymbol10 "MySymbolF ReEncodeFont" <[MySymbolF.enc <MySymbol10.pfb
MySymbolS10 MySymbol10 "MySymbolS ReEncodeFont" <[MySymbolS.enc <MySymbol10.pfb

MySymbolA12 MySymbol12 "MySymbolA ReEncodeFont" <[MySymbolA.enc <MySymbol12.pfb
MySymbolB12 MySymbol12 "MySymbolB ReEncodeFont" <[MySymbolB.enc <MySymbol12.pfb
MySymbolC12 MySymbol12 "MySymbolC ReEncodeFont" <[MySymbolC.enc <MySymbol12.pfb
MySymbolD12 MySymbol12 "MySymbolD ReEncodeFont" <[MySymbolD.enc <MySymbol12.pfb
MySymbolE12 MySymbol12 "MySymbolE ReEncodeFont" <[MySymbolE.enc <MySymbol12.pfb
MySymbolF12 MySymbol12 "MySymbolF ReEncodeFont" <[MySymbolF.enc <MySymbol12.pfb
MySymbolS12 MySymbol12 "MySymbolS ReEncodeFont" <[MySymbolS.enc <MySymbol12.pfb

MySymbolA-Bold5 MySymbol-Bold5 "MySymbolA ReEncodeFont" <[MySymbolA.enc <MySymbol-Bold5.pfb
MySymbolB-Bold5 MySymbol-Bold5 "MySymbolB ReEncodeFont" <[MySymbolB.enc <MySymbol-Bold5.pfb
MySymbolC-Bold5 MySymbol-Bold5 "MySymbolC ReEncodeFont" <[MySymbolC.enc <MySymbol-Bold5.pfb
MySymbolD-Bold5 MySymbol-Bold5 "MySymbolD ReEncodeFont" <[MySymbolD.enc <MySymbol-Bold5.pfb
MySymbolE-Bold5 MySymbol-Bold5 "MySymbolE ReEncodeFont" <[MySymbolE.enc <MySymbol-Bold5.pfb
MySymbolF-Bold5 MySymbol-Bold5 "MySymbolF ReEncodeFont" <[MySymbolF.enc <MySymbol-Bold5.pfb
MySymbolS-Bold5 MySymbol-Bold5 "MySymbolS ReEncodeFont" <[MySymbolS.enc <MySymbol-Bold5.pfb

MySymbolA-Bold6 MySymbol-Bold6 "MySymbolA ReEncodeFont" <[MySymbolA.enc <MySymbol-Bold6.pfb
MySymbolB-Bold6 MySymbol-Bold6 "MySymbolB ReEncodeFont" <[MySymbolB.enc <MySymbol-Bold6.pfb
MySymbolC-Bold6 MySymbol-Bold6 "MySymbolC ReEncodeFont" <[MySymbolC.enc <MySymbol-Bold6.pfb
MySymbolD-Bold6 MySymbol-Bold6 "MySymbolD ReEncodeFont" <[MySymbolD.enc <MySymbol-Bold6.pfb
MySymbolE-Bold6 MySymbol-Bold6 "MySymbolE ReEncodeFont" <[MySymbolE.enc <MySymbol-Bold6.pfb
MySymbolF-Bold6 MySymbol-Bold6 "MySymbolF ReEncodeFont" <[MySymbolF.enc <MySymbol-Bold6.pfb
MySymbolS-Bold6 MySymbol-Bold6 "MySymbolS ReEncodeFont" <[MySymbolS.enc <MySymbol-Bold6.pfb

MySymbolA-Bold7 MySymbol-Bold7 "MySymbolA ReEncodeFont" <[MySymbolA.enc <MySymbol-Bold7.pfb
MySymbolB-Bold7 MySymbol-Bold7 "MySymbolB ReEncodeFont" <[MySymbolB.enc <MySymbol-Bold7.pfb
MySymbolC-Bold7 MySymbol-Bold7 "MySymbolC ReEncodeFont" <[MySymbolC.enc <MySymbol-Bold7.pfb
MySymbolD-Bold7 MySymbol-Bold7 "MySymbolD ReEncodeFont" <[MySymbolD.enc <MySymbol-Bold7.pfb
MySymbolE-Bold7 MySymbol-Bold7 "MySymbolE ReEncodeFont" <[MySymbolE.enc <MySymbol-Bold7.pfb
MySymbolF-Bold7 MySymbol-Bold7 "MySymbolF ReEncodeFont" <[MySymbolF.enc <MySymbol-Bold7.pfb
MySymbolS-Bold7 MySymbol-Bold7 "MySymbolS ReEncodeFont" <[MySymbolS.enc <MySymbol-Bold7.pfb

MySymbolA-Bold8 MySymbol-Bold8 "MySymbolA ReEncodeFont" <[MySymbolA.enc <MySymbol-Bold8.pfb
MySymbolB-Bold8 MySymbol-Bold8 "MySymbolB ReEncodeFont" <[MySymbolB.enc <MySymbol-Bold8.pfb
MySymbolC-Bold8 MySymbol-Bold8 "MySymbolC ReEncodeFont" <[MySymbolC.enc <MySymbol-Bold8.pfb
MySymbolD-Bold8 MySymbol-Bold8 "MySymbolD ReEncodeFont" <[MySymbolD.enc <MySymbol-Bold8.pfb
MySymbolE-Bold8 MySymbol-Bold8 "MySymbolE ReEncodeFont" <[MySymbolE.enc <MySymbol-Bold8.pfb
MySymbolF-Bold8 MySymbol-Bold8 "MySymbolF ReEncodeFont" <[MySymbolF.enc <MySymbol-Bold8.pfb
MySymbolS-Bold8 MySymbol-Bold8 "MySymbolS ReEncodeFont" <[MySymbolS.enc <MySymbol-Bold8.pfb

MySymbolA-Bold9 MySymbol-Bold9 "MySymbolA ReEncodeFont" <[MySymbolA.enc <MySymbol-Bold9.pfb
MySymbolB-Bold9 MySymbol-Bold9 "MySymbolB ReEncodeFont" <[MySymbolB.enc <MySymbol-Bold9.pfb
MySymbolC-Bold9 MySymbol-Bold9 "MySymbolC ReEncodeFont" <[MySymbolC.enc <MySymbol-Bold9.pfb
MySymbolD-Bold9 MySymbol-Bold9 "MySymbolD ReEncodeFont" <[MySymbolD.enc <MySymbol-Bold9.pfb
MySymbolE-Bold9 MySymbol-Bold9 "MySymbolE ReEncodeFont" <[MySymbolE.enc <MySymbol-Bold9.pfb
MySymbolF-Bold9 MySymbol-Bold9 "MySymbolF ReEncodeFont" <[MySymbolF.enc <MySymbol-Bold9.pfb
MySymbolS-Bold9 MySymbol-Bold9 "MySymbolS ReEncodeFont" <[MySymbolS.enc <MySymbol-Bold9.pfb

MySymbolA-Bold10 MySymbol-Bold10 "MySymbolA ReEncodeFont" <[MySymbolA.enc <MySymbol-Bold10.pfb
MySymbolB-Bold10 MySymbol-Bold10 "MySymbolB ReEncodeFont" <[MySymbolB.enc <MySymbol-Bold10.pfb
MySymbolC-Bold10 MySymbol-Bold10 "MySymbolC ReEncodeFont" <[MySymbolC.enc <MySymbol-Bold10.pfb
MySymbolD-Bold10 MySymbol-Bold10 "MySymbolD ReEncodeFont" <[MySymbolD.enc <MySymbol-Bold10.pfb
MySymbolE-Bold10 MySymbol-Bold10 "MySymbolE ReEncodeFont" <[MySymbolE.enc <MySymbol-Bold10.pfb
MySymbolF-Bold10 MySymbol-Bold10 "MySymbolF ReEncodeFont" <[MySymbolF.enc <MySymbol-Bold10.pfb
MySymbolS-Bold10 MySymbol-Bold10 "MySymbolS ReEncodeFont" <[MySymbolS.enc <MySymbol-Bold10.pfb

MySymbolA-Bold12 MySymbol-Bold12 "MySymbolA ReEncodeFont" <[MySymbolA.enc <MySymbol-Bold12.pfb
MySymbolB-Bold12 MySymbol-Bold12 "MySymbolB ReEncodeFont" <[MySymbolB.enc <MySymbol-Bold12.pfb
MySymbolC-Bold12 MySymbol-Bold12 "MySymbolC ReEncodeFont" <[MySymbolC.enc <MySymbol-Bold12.pfb
MySymbolD-Bold12 MySymbol-Bold12 "MySymbolD ReEncodeFont" <[MySymbolD.enc <MySymbol-Bold12.pfb
MySymbolE-Bold12 MySymbol-Bold12 "MySymbolE ReEncodeFont" <[MySymbolE.enc <MySymbol-Bold12.pfb
MySymbolF-Bold12 MySymbol-Bold12 "MySymbolF ReEncodeFont" <[MySymbolF.enc <MySymbol-Bold12.pfb
MySymbolS-Bold12 MySymbol-Bold12 "MySymbolS ReEncodeFont" <[MySymbolS.enc <MySymbol-Bold12.pfb
